// Jest Snapshot v1, https://goo.gl/fbAQLP

exports[`Video renders with necessary contents 1`] = `
<div
  className="sc-bdnxRM dhSMzM"
>
  <div
    className="sc-gtsrHT jJhotc"
    src="https://yt3.ggpht.com/ytc/AAUvwnighSReQlmHl_S_vSfvnWBAG5Cw4A0YxtE0tm5OpQ=s800-c-k-c0xffffffff-no-rj-mo"
  />
  <div
    className="sc-dlnjwi hbyQXN"
  >
    Wizeline
  </div>
  <div
    className="sc-hKFxyN jCoFng"
  >
    Wizeline transforms how teams build technology. Its customers accelerate the delivery of innovative products with proven solutions, which combine Wizeline's ...
  </div>
</div>
`;
